../drivers/fsl_clock.h:444:20:CLOCK_IsSystemPLLLocked	4	static
../drivers/fsl_clock.h:454:20:CLOCK_SetFLASHAccessCycles	24	static
../drivers/fsl_power.h:84:20:POWER_EnablePD	16	static
../drivers/fsl_power.h:96:20:POWER_DisablePD	16	static
../drivers/fsl_clock.c:115:6:CLOCK_AttachClk	32	static
../drivers/fsl_clock.c:167:19:CLOCK_GetClockAttachId	48	static
../drivers/fsl_clock.c:220:6:CLOCK_SetClkDiv	24	static
../drivers/fsl_clock.c:232:10:CLOCK_GetExtClkFreq	4	static
../drivers/fsl_clock.c:240:10:CLOCK_GetWdtOscFreq	4	static
../drivers/fsl_clock.c:255:10:CLOCK_GetPllOutFreq	4	static
../drivers/fsl_clock.c:263:10:CLOCK_GetOsc32KFreq	4	static
../drivers/fsl_clock.c:279:10:CLOCK_GetAdcClkFreq	16	static
../drivers/fsl_clock.c:315:10:CLOCK_GetClockOutClkFreq	16	static
../drivers/fsl_clock.c:361:10:CLOCK_GetIrc12MFreq	4	static
../drivers/fsl_clock.c:377:10:CLOCK_GetPllInFreq	16	static
../drivers/fsl_clock.c:402:10:CLOCK_GetMainClkFreq	16	static
../drivers/fsl_clock.c:449:10:CLOCK_GetAsyncApbClkFreq	16	static
../drivers/fsl_clock.c:499:6:CLOCK_SetFRGClock	40	static
../drivers/fsl_clock.c:519:10:CLOCK_GetCoreClkFreq	8	static
../drivers/fsl_clock.c:534:10:CLOCK_GetBusClFreq	8	static
../drivers/fsl_clock.c:549:10:CLOCK_GetUsartClkFreq	8	static
../drivers/fsl_clock.c:565:10:CLOCK_GetSpiClkFreq	8	static
../drivers/fsl_clock.c:581:10:CLOCK_GetI2cClkFreq	8	static
../drivers/fsl_clock.c:597:10:CLOCK_GetFreq	40	static
../drivers/fsl_clock.c:660:6:CLOCK_SetFLASHAccessCyclesForFreq	16	static
../drivers/fsl_clock.c:689:17:pllEncodeN	24	static
../drivers/fsl_clock.c:721:17:pllDecodeN	32	static
../drivers/fsl_clock.c:759:17:pllEncodeP	24	static
../drivers/fsl_clock.c:791:17:pllDecodeP	32	static
../drivers/fsl_clock.c:829:17:pllEncodeM	24	static
../drivers/fsl_clock.c:861:17:pllDecodeM	32	static
../drivers/fsl_clock.c:899:13:pllFindSel	24	static
../drivers/fsl_clock.c:946:17:findPllPreDiv	24	static
../drivers/fsl_clock.c:966:17:findPllPostDiv	24	static
../drivers/fsl_clock.c:986:17:findPllMMult	24	static
../drivers/fsl_clock.c:1007:17:FindGreatestCommonDivisor	24	static
../drivers/fsl_clock.c:1027:20:CLOCK_GetPllConfigInternal	128	static
../drivers/fsl_clock.c:1213:20:CLOCK_GetPllConfig	40	static
../drivers/fsl_clock.c:1264:13:CLOCK_GetSystemPLLOutFromSetupUpdate	16	static
../drivers/fsl_clock.c:1273:10:CLOCK_GetSystemPLLInClockRate	16	static
../drivers/fsl_clock.c:1308:10:CLOCK_GetSystemPLLOutFromSetup	152	static
../drivers/fsl_clock.c:1388:6:CLOCK_SetStoredPLLClockRate	16	static
../drivers/fsl_clock.c:1401:10:CLOCK_GetSystemPLLOutClockRate	48	static
../drivers/fsl_clock.c:1430:13:CLOCK_SetupPLLData	32	static
../drivers/fsl_clock.c:1483:13:CLOCK_SetupSystemPLLPrec	32	static
../drivers/fsl_clock.c:1559:13:CLOCK_SetPLLFreq	32	static
../drivers/fsl_clock.c:1629:6:CLOCK_SetupSystemPLLMult	48	static
../drivers/fsl_clock.c:1755:28:SDK_DelayAtLeastUs	96	static
